[2026-04-09 21:22:56] Error en insert_doc_salida: Error al insertar detalle del documento: Array
(
    [0] => Array
        (
            [0] => 42S22
            [SQLSTATE] => 42S22
            [1] => 207
            [code] => 207
            [2] => [Microsoft][ODBC Driver 17 for SQL Server][SQL Server]El nombre de columna 'Precio_Marcado' no es válido.
            [message] => [Microsoft][ODBC Driver 17 for SQL Server][SQL Server]El nombre de columna 'Precio_Marcado' no es válido.
        )

    [1] => Array
        (
            [0] => 42S22
            [SQLSTATE] => 42S22
            [1] => 207
            [code] => 207
            [2] => [Microsoft][ODBC Driver 17 for SQL Server][SQL Server]El nombre de columna 'Precio_Marcado' no es válido.
            [message] => [Microsoft][ODBC Driver 17 for SQL Server][SQL Server]El nombre de columna 'Precio_Marcado' no es válido.
        )

    [2] => Array
        (
            [0] => 42S22
            [SQLSTATE] => 42S22
            [1] => 207
            [code] => 207
            [2] => [Microsoft][ODBC Driver 17 for SQL Server][SQL Server]El nombre de columna 'Precio_Marcado' no es válido.
            [message] => [Microsoft][ODBC Driver 17 for SQL Server][SQL Server]El nombre de columna 'Precio_Marcado' no es válido.
        )

    [3] => Array
        (
            [0] => 42S22
            [SQLSTATE] => 42S22
            [1] => 207
            [code] => 207
            [2] => [Microsoft][ODBC Driver 17 for SQL Server][SQL Server]El nombre de columna 'Precio_Marcado' no es válido.
            [message] => [Microsoft][ODBC Driver 17 for SQL Server][SQL Server]El nombre de columna 'Precio_Marcado' no es válido.
        )

    [4] => Array
        (
            [0] => 42000
            [SQLSTATE] => 42000
            [1] => 8180
            [code] => 8180
            [2] => [Microsoft][ODBC Driver 17 for SQL Server][SQL Server]No se puede preparar la instrucción o instrucciones.
            [message] => [Microsoft][ODBC Driver 17 for SQL Server][SQL Server]No se puede preparar la instrucción o instrucciones.
        )

)

[2026-06-26 16:01:36] Error en insert_doc_entrada_manual: Error al insertar documento manual: Array
(
    [0] => Array
        (
            [0] => 23000
            [SQLSTATE] => 23000
            [1] => 547
            [code] => 547
            [2] => [Microsoft][ODBC Driver 17 for SQL Server][SQL Server]Instrucción INSERT en conflicto con la restricción FOREIGN KEY 'FK_Documentos_Tblterceros'. El conflicto ha aparecido en la base de datos 'DOT_BUGA_NUEVABK20260106', tabla 'dbo.TblTerceros', column 'nit_cedula'.
            [message] => [Microsoft][ODBC Driver 17 for SQL Server][SQL Server]Instrucción INSERT en conflicto con la restricción FOREIGN KEY 'FK_Documentos_Tblterceros'. El conflicto ha aparecido en la base de datos 'DOT_BUGA_NUEVABK20260106', tabla 'dbo.TblTerceros', column 'nit_cedula'.
        )

    [1] => Array
        (
            [0] => 01000
            [SQLSTATE] => 01000
            [1] => 3621
            [code] => 3621
            [2] => [Microsoft][ODBC Driver 17 for SQL Server][SQL Server]Se terminó la instrucción.
            [message] => [Microsoft][ODBC Driver 17 for SQL Server][SQL Server]Se terminó la instrucción.
        )

)

[2026-07-29 15:42:44] Error en guardar_salida: Error al guardar la salida: Array
(
    [0] => Array
        (
            [0] => 42S22
            [SQLSTATE] => 42S22
            [1] => 207
            [code] => 207
            [2] => [Microsoft][ODBC Driver 17 for SQL Server][SQL Server]El nombre de columna 'BORRADOR' no es válido.
            [message] => [Microsoft][ODBC Driver 17 for SQL Server][SQL Server]El nombre de columna 'BORRADOR' no es válido.
        )

)

